************* Module main
src/main.py:59:54: C0303: Trailing whitespace (trailing-whitespace)
src/main.py:60:0: C0301: Line too long (107/100) (line-too-long)
src/main.py:70:0: C0304: Final newline missing (missing-final-newline)
src/main.py:1:0: C0114: Missing module docstring (missing-module-docstring)
src/main.py:13:0: C0116: Missing function or method docstring (missing-function-docstring)
src/main.py:21:0: C0116: Missing function or method docstring (missing-function-docstring)
src/main.py:21:0: C0103: Function name "getTimeSinceLastMouseEvent" doesn't conform to snake_case naming style (invalid-name)
src/main.py:23:16: E1101: Module 'mouse' has no 'get_last_mouse_event_timestamp' member (no-member)
src/main.py:24:4: R1705: Unnecessary "else" after "return", remove the "else" and de-indent the code inside it (no-else-return)
src/main.py:29:0: C0116: Missing function or method docstring (missing-function-docstring)
src/main.py:29:0: C0103: Function name "getTimeSinceLastKeyboardEvent" doesn't conform to snake_case naming style (invalid-name)
src/main.py:31:16: E1101: Module 'keyboard' has no 'get_last_keyboard_event_timestamp' member (no-member)
src/main.py:32:4: R1705: Unnecessary "else" after "return", remove the "else" and de-indent the code inside it (no-else-return)
src/main.py:37:0: C0116: Missing function or method docstring (missing-function-docstring)
src/main.py:37:0: C0103: Function name "eventCheckLoginStatus" doesn't conform to snake_case naming style (invalid-name)
src/main.py:46:4: W0702: No exception type(s) specified (bare-except)
src/main.py:39:11: C0121: Comparison 'meta.external_var.root != None' should be 'meta.external_var.root is not None' (singleton-comparison)
src/main.py:40:15: C0121: Comparison 'meta.external_var.login_status == False' should be 'meta.external_var.login_status is False' if checking for the singleton value False, or 'not meta.external_var.login_status' if testing for falsiness (singleton-comparison)
src/main.py:48:0: C0116: Missing function or method docstring (missing-function-docstring)
src/main.py:48:0: C0103: Function name "eventCheckOut" doesn't conform to snake_case naming style (invalid-name)
src/main.py:54:4: W0702: No exception type(s) specified (bare-except)
src/main.py:50:11: W0143: Comparing against a callable, did you omit the parenthesis? (comparison-with-callable)
src/main.py:50:54: W0143: Comparing against a callable, did you omit the parenthesis? (comparison-with-callable)
src/main.py:57:0: C0116: Missing function or method docstring (missing-function-docstring)
src/main.py:66:11: W0703: Catching too general exception Exception (broad-except)
src/main.py:66:4: C0103: Variable name "e" doesn't conform to snake_case naming style (invalid-name)
src/main.py:62:4: W0612: Unused variable 'app_login' (unused-variable)
src/main.py:2:0: C0411: standard import "import gc" should be placed before "import meta.external_var" (wrong-import-order)
src/main.py:3:0: C0411: third party import "import keyboard" should be placed before "import meta.external_var" (wrong-import-order)
src/main.py:4:0: C0411: third party import "import mouse" should be placed before "import meta.external_var" (wrong-import-order)
src/main.py:5:0: C0411: standard import "import time" should be placed before "import keyboard" (wrong-import-order)
src/main.py:6:0: C0411: standard import "import sys" should be placed before "import keyboard" (wrong-import-order)
src/main.py:7:0: C0411: standard import "from tkinter import Tk, messagebox" should be placed before "import keyboard" (wrong-import-order)
src/main.py:9:0: C0411: third party import "from PIL import Image, ImageTk" should be placed before "import meta.external_var" (wrong-import-order)
************* Module interface.login_frame
src/interface/login_frame.py:17:0: C0303: Trailing whitespace (trailing-whitespace)
src/interface/login_frame.py:22:0: C0301: Line too long (112/100) (line-too-long)
src/interface/login_frame.py:24:0: C0301: Line too long (113/100) (line-too-long)
src/interface/login_frame.py:29:66: C0303: Trailing whitespace (trailing-whitespace)
src/interface/login_frame.py:31:49: C0303: Trailing whitespace (trailing-whitespace)
src/interface/login_frame.py:33:20: C0303: Trailing whitespace (trailing-whitespace)
src/interface/login_frame.py:36:0: C0303: Trailing whitespace (trailing-whitespace)
src/interface/login_frame.py:39:63: C0303: Trailing whitespace (trailing-whitespace)
src/interface/login_frame.py:42:0: C0303: Trailing whitespace (trailing-whitespace)
src/interface/login_frame.py:47:0: C0303: Trailing whitespace (trailing-whitespace)
src/interface/login_frame.py:48:0: C0301: Line too long (105/100) (line-too-long)
src/interface/login_frame.py:50:0: C0303: Trailing whitespace (trailing-whitespace)
src/interface/login_frame.py:53:0: C0303: Trailing whitespace (trailing-whitespace)
src/interface/login_frame.py:55:0: C0301: Line too long (110/100) (line-too-long)
src/interface/login_frame.py:56:0: C0303: Trailing whitespace (trailing-whitespace)
src/interface/login_frame.py:60:0: C0303: Trailing whitespace (trailing-whitespace)
src/interface/login_frame.py:68:0: C0303: Trailing whitespace (trailing-whitespace)
src/interface/login_frame.py:72:0: C0303: Trailing whitespace (trailing-whitespace)
src/interface/login_frame.py:75:0: C0303: Trailing whitespace (trailing-whitespace)
src/interface/login_frame.py:79:0: C0303: Trailing whitespace (trailing-whitespace)
src/interface/login_frame.py:83:0: C0303: Trailing whitespace (trailing-whitespace)
src/interface/login_frame.py:84:0: C0301: Line too long (160/100) (line-too-long)
src/interface/login_frame.py:87:0: C0301: Line too long (125/100) (line-too-long)
src/interface/login_frame.py:88:74: C0303: Trailing whitespace (trailing-whitespace)
src/interface/login_frame.py:89:0: C0303: Trailing whitespace (trailing-whitespace)
src/interface/login_frame.py:92:0: C0303: Trailing whitespace (trailing-whitespace)
src/interface/login_frame.py:93:0: C0301: Line too long (103/100) (line-too-long)
src/interface/login_frame.py:101:0: C0303: Trailing whitespace (trailing-whitespace)
src/interface/login_frame.py:106:0: C0301: Line too long (112/100) (line-too-long)
src/interface/login_frame.py:111:71: C0303: Trailing whitespace (trailing-whitespace)
src/interface/login_frame.py:116:0: C0303: Trailing whitespace (trailing-whitespace)
src/interface/login_frame.py:118:0: C0304: Final newline missing (missing-final-newline)
src/interface/login_frame.py:1:0: C0114: Missing module docstring (missing-module-docstring)
src/interface/login_frame.py:1:0: W0401: Wildcard import tkinter (wildcard-import)
src/interface/login_frame.py:2:0: W0401: Wildcard import tkinter.ttk (wildcard-import)
src/interface/login_frame.py:7:0: R0402: Use 'from backend.function import user_authen' instead (consider-using-from-import)
src/interface/login_frame.py:12:0: C0115: Missing class docstring (missing-class-docstring)
src/interface/login_frame.py:12:0: R0901: Too many ancestors (8/7) (too-many-ancestors)
src/interface/login_frame.py:12:0: R0902: Too many instance attributes (13/7) (too-many-instance-attributes)
src/interface/login_frame.py:18:4: C0116: Missing function or method docstring (missing-function-docstring)
src/interface/login_frame.py:18:4: C0103: Method name "eventClickButtonLogin" doesn't conform to snake_case naming style (invalid-name)
src/interface/login_frame.py:34:15: W0703: Catching too general exception Exception (broad-except)
src/interface/login_frame.py:22:15: C0121: Comparison 'user_authen.authenticantionUser(meta.external_var.username, meta.external_var.password) == False' should be 'user_authen.authenticantionUser(meta.external_var.username, meta.external_var.password) is False' if checking for the singleton value False, or 'not user_authen.authenticantionUser(meta.external_var.username, meta.external_var.password)' if testing for falsiness (singleton-comparison)
src/interface/login_frame.py:24:17: C0121: Comparison 'user_authen.authenticantionUser(meta.external_var.username, meta.external_var.password) == True' should be 'user_authen.authenticantionUser(meta.external_var.username, meta.external_var.password) is True' if checking for the singleton value True, or 'user_authen.authenticantionUser(meta.external_var.username, meta.external_var.password)' if testing for truthiness (singleton-comparison)
src/interface/login_frame.py:25:16: C0415: Import outside toplevel (interface.laser_frame.LaserFrame) (import-outside-toplevel)
src/interface/login_frame.py:34:8: C0103: Variable name "e" doesn't conform to snake_case naming style (invalid-name)
src/interface/login_frame.py:30:16: W0612: Unused variable 'app_laser' (unused-variable)
src/interface/login_frame.py:37:4: C0116: Missing function or method docstring (missing-function-docstring)
src/interface/login_frame.py:37:4: C0103: Method name "eventClickButtonForgotPass" doesn't conform to snake_case naming style (invalid-name)
src/interface/login_frame.py:40:8: W0612: Unused variable 'app_forgot' (unused-variable)
src/interface/login_frame.py:44:4: C0116: Missing function or method docstring (missing-function-docstring)
src/interface/login_frame.py:44:4: C0103: Method name "initUI" doesn't conform to snake_case naming style (invalid-name)
src/interface/login_frame.py:96:0: C0115: Missing class docstring (missing-class-docstring)
src/interface/login_frame.py:96:0: R0901: Too many ancestors (9/7) (too-many-ancestors)
src/interface/login_frame.py:114:15: W0703: Catching too general exception Exception (broad-except)
src/interface/login_frame.py:106:15: C0121: Comparison 'user_authen.authenticantionUser(meta.external_var.username, meta.external_var.password) == False' should be 'user_authen.authenticantionUser(meta.external_var.username, meta.external_var.password) is False' if checking for the singleton value False, or 'not user_authen.authenticantionUser(meta.external_var.username, meta.external_var.password)' if testing for falsiness (singleton-comparison)
src/interface/login_frame.py:114:8: C0103: Variable name "e" doesn't conform to snake_case naming style (invalid-name)
src/interface/login_frame.py:112:16: W0612: Unused variable 'app_edit' (unused-variable)
src/interface/login_frame.py:117:4: W0246: Useless parent or super() delegation in method 'initUI' (useless-parent-delegation)
src/interface/login_frame.py:6:0: C0411: standard import "from functools import partial" should be placed before "from interface.forgot_frame import ForgotFrame" (wrong-import-order)
src/interface/login_frame.py:8:0: C0411: third party import "from PIL import Image, ImageTk" should be placed before "from interface.forgot_frame import ForgotFrame" (wrong-import-order)
src/interface/login_frame.py:1:0: W0614: Unused import(s) enum, sys, types, TclError, re, wantobjects, TkVersion, TclVersion, READABLE, WRITABLE, EXCEPTION, EventType, Event, NoDefaultRoot, Variable, StringVar, IntVar, DoubleVar, BooleanVar, mainloop, getint, getdouble, getboolean, Misc, CallWrapper, XView, YView, Wm, Tcl, Pack, Place, Grid, BaseWidget, Widget, Canvas, Checkbutton, Listbox, Menu, Menubutton, Message, Radiobutton, Scale, Scrollbar, Text, OptionMenu, PhotoImage, BitmapImage, image_names, image_types, Spinbox, LabelFrame, PanedWindow, NO, FALSE, OFF, YES, TRUE, ON, N, S, W, E, NW, SW, NE, SE, NS, EW, NSEW, CENTER, NONE, Y, RAISED, SUNKEN, FLAT, RIDGE, GROOVE, SOLID, HORIZONTAL, VERTICAL, NUMERIC, CHAR, WORD, BASELINE, INSIDE, OUTSIDE, SEL, SEL_FIRST, SEL_LAST, END, INSERT, CURRENT, ANCHOR, ALL, NORMAL, DISABLED, ACTIVE, HIDDEN, CASCADE, CHECKBUTTON, COMMAND, RADIOBUTTON, SEPARATOR, SINGLE, BROWSE, MULTIPLE, EXTENDED, DOTBOX, UNDERLINE, PIESLICE, CHORD, ARC, FIRST, LAST, BUTT, PROJECTING, ROUND, BEVEL, MITER, MOVETO, SCROLL, UNITS and PAGES from wildcard import of tkinter (unused-wildcard-import)
src/interface/login_frame.py:2:0: W0614: Unused import(s) tkinter, tclobjs_to_py, setup_master, Style, Combobox, Labelframe, Panedwindow, Progressbar, Separator, Sizegrip, Treeview and LabeledScale from wildcard import of tkinter.ttk (unused-wildcard-import)
************* Module interface.laser_frame
src/interface/laser_frame.py:3:14: C0303: Trailing whitespace (trailing-whitespace)
src/interface/laser_frame.py:24:0: C0303: Trailing whitespace (trailing-whitespace)
src/interface/laser_frame.py:28:0: C0303: Trailing whitespace (trailing-whitespace)
src/interface/laser_frame.py:33:0: C0303: Trailing whitespace (trailing-whitespace)
src/interface/laser_frame.py:36:30: C0303: Trailing whitespace (trailing-whitespace)
src/interface/laser_frame.py:38:0: C0303: Trailing whitespace (trailing-whitespace)
src/interface/laser_frame.py:43:0: C0301: Line too long (106/100) (line-too-long)
src/interface/laser_frame.py:44:0: C0303: Trailing whitespace (trailing-whitespace)
src/interface/laser_frame.py:53:0: C0303: Trailing whitespace (trailing-whitespace)
src/interface/laser_frame.py:59:0: C0303: Trailing whitespace (trailing-whitespace)
src/interface/laser_frame.py:60:58: C0303: Trailing whitespace (trailing-whitespace)
src/interface/laser_frame.py:70:0: C0303: Trailing whitespace (trailing-whitespace)
src/interface/laser_frame.py:83:0: C0303: Trailing whitespace (trailing-whitespace)
src/interface/laser_frame.py:90:0: C0303: Trailing whitespace (trailing-whitespace)
src/interface/laser_frame.py:91:72: C0303: Trailing whitespace (trailing-whitespace)
src/interface/laser_frame.py:97:62: C0303: Trailing whitespace (trailing-whitespace)
src/interface/laser_frame.py:98:0: C0301: Line too long (115/100) (line-too-long)
src/interface/laser_frame.py:99:0: C0301: Line too long (108/100) (line-too-long)
src/interface/laser_frame.py:104:0: C0303: Trailing whitespace (trailing-whitespace)
src/interface/laser_frame.py:111:0: C0303: Trailing whitespace (trailing-whitespace)
src/interface/laser_frame.py:116:63: C0303: Trailing whitespace (trailing-whitespace)
src/interface/laser_frame.py:119:0: C0303: Trailing whitespace (trailing-whitespace)
src/interface/laser_frame.py:123:64: C0303: Trailing whitespace (trailing-whitespace)
src/interface/laser_frame.py:126:67: C0303: Trailing whitespace (trailing-whitespace)
src/interface/laser_frame.py:130:0: C0301: Line too long (112/100) (line-too-long)
src/interface/laser_frame.py:131:0: C0303: Trailing whitespace (trailing-whitespace)
src/interface/laser_frame.py:137:0: C0303: Trailing whitespace (trailing-whitespace)
src/interface/laser_frame.py:141:0: C0303: Trailing whitespace (trailing-whitespace)
src/interface/laser_frame.py:144:0: C0303: Trailing whitespace (trailing-whitespace)
src/interface/laser_frame.py:149:0: C0301: Line too long (168/100) (line-too-long)
src/interface/laser_frame.py:150:0: C0301: Line too long (132/100) (line-too-long)
src/interface/laser_frame.py:153:0: C0303: Trailing whitespace (trailing-whitespace)
src/interface/laser_frame.py:157:0: C0303: Trailing whitespace (trailing-whitespace)
src/interface/laser_frame.py:158:26: C0303: Trailing whitespace (trailing-whitespace)
src/interface/laser_frame.py:164:0: C0303: Trailing whitespace (trailing-whitespace)
src/interface/laser_frame.py:165:0: C0301: Line too long (121/100) (line-too-long)
src/interface/laser_frame.py:175:0: C0303: Trailing whitespace (trailing-whitespace)
src/interface/laser_frame.py:177:0: C0301: Line too long (129/100) (line-too-long)
src/interface/laser_frame.py:181:0: C0303: Trailing whitespace (trailing-whitespace)
src/interface/laser_frame.py:183:0: C0301: Line too long (105/100) (line-too-long)
src/interface/laser_frame.py:185:0: C0303: Trailing whitespace (trailing-whitespace)
src/interface/laser_frame.py:190:0: C0301: Line too long (109/100) (line-too-long)
src/interface/laser_frame.py:191:0: C0301: Line too long (105/100) (line-too-long)
src/interface/laser_frame.py:194:0: C0301: Line too long (142/100) (line-too-long)
src/interface/laser_frame.py:195:0: C0301: Line too long (145/100) (line-too-long)
src/interface/laser_frame.py:197:0: C0303: Trailing whitespace (trailing-whitespace)
src/interface/laser_frame.py:202:0: C0301: Line too long (146/100) (line-too-long)
src/interface/laser_frame.py:204:0: C0305: Trailing newlines (trailing-newlines)
src/interface/laser_frame.py:1:0: C0114: Missing module docstring (missing-module-docstring)
src/interface/laser_frame.py:4:0: W0401: Wildcard import tkinter (wildcard-import)
src/interface/laser_frame.py:14:0: R0402: Use 'from backend.function import database' instead (consider-using-from-import)
src/interface/laser_frame.py:15:0: R0402: Use 'from backend.function import compare' instead (consider-using-from-import)
src/interface/laser_frame.py:19:0: C0115: Missing class docstring (missing-class-docstring)
src/interface/laser_frame.py:19:0: R0902: Too many instance attributes (10/7) (too-many-instance-attributes)
src/interface/laser_frame.py:25:4: C0116: Missing function or method docstring (missing-function-docstring)
src/interface/laser_frame.py:25:4: C0103: Method name "processingCal" doesn't conform to snake_case naming style (invalid-name)
src/interface/laser_frame.py:29:4: C0116: Missing function or method docstring (missing-function-docstring)
src/interface/laser_frame.py:29:4: C0103: Method name "eventStateCheckThread" doesn't conform to snake_case naming style (invalid-name)
src/interface/laser_frame.py:30:8: C0103: Variable name "t1" doesn't conform to snake_case naming style (invalid-name)
src/interface/laser_frame.py:34:4: C0116: Missing function or method docstring (missing-function-docstring)
src/interface/laser_frame.py:34:4: C0103: Method name "eventStateCheck" doesn't conform to snake_case naming style (invalid-name)
src/interface/laser_frame.py:36:15: W0703: Catching too general exception Exception (broad-except)
src/interface/laser_frame.py:35:13: C0321: More than one statement on a single line (multiple-statements)
src/interface/laser_frame.py:36:8: C0103: Variable name "e" doesn't conform to snake_case naming style (invalid-name)
src/interface/laser_frame.py:39:4: C0116: Missing function or method docstring (missing-function-docstring)
src/interface/laser_frame.py:39:4: C0103: Method name "eventLoopProcessing" doesn't conform to snake_case naming style (invalid-name)
src/interface/laser_frame.py:46:4: C0116: Missing function or method docstring (missing-function-docstring)
src/interface/laser_frame.py:46:4: C0103: Method name "eventClickedFunctionAppSchedule" doesn't conform to snake_case naming style (invalid-name)
src/interface/laser_frame.py:50:8: W0612: Unused variable 'app_temp' (unused-variable)
src/interface/laser_frame.py:55:4: C0116: Missing function or method docstring (missing-function-docstring)
src/interface/laser_frame.py:55:4: C0103: Method name "eventClickedFunctionAppScheduleThread" doesn't conform to snake_case naming style (invalid-name)
src/interface/laser_frame.py:61:4: C0116: Missing function or method docstring (missing-function-docstring)
src/interface/laser_frame.py:61:4: C0103: Method name "eventViewData" doesn't conform to snake_case naming style (invalid-name)
src/interface/laser_frame.py:62:8: C0103: Variable name "df" doesn't conform to snake_case naming style (invalid-name)
src/interface/laser_frame.py:61:28: W0613: Unused argument 'txt' (unused-argument)
src/interface/laser_frame.py:72:4: C0116: Missing function or method docstring (missing-function-docstring)
src/interface/laser_frame.py:72:4: C0103: Method name "eventTriggerData" doesn't conform to snake_case naming style (invalid-name)
src/interface/laser_frame.py:85:4: C0116: Missing function or method docstring (missing-function-docstring)
src/interface/laser_frame.py:85:4: C0103: Method name "eventExitRoot" doesn't conform to snake_case naming style (invalid-name)
src/interface/laser_frame.py:92:4: C0116: Missing function or method docstring (missing-function-docstring)
src/interface/laser_frame.py:92:4: C0103: Method name "eventClickExit" doesn't conform to snake_case naming style (invalid-name)
src/interface/laser_frame.py:102:15: W0703: Catching too general exception Exception (broad-except)
src/interface/laser_frame.py:95:12: C0415: Import outside toplevel (interface.login_frame.LoginFrame) (import-outside-toplevel)
src/interface/laser_frame.py:102:8: C0103: Variable name "e" doesn't conform to snake_case naming style (invalid-name)
src/interface/laser_frame.py:100:12: W0612: Unused variable 'app' (unused-variable)
src/interface/laser_frame.py:106:4: C0116: Missing function or method docstring (missing-function-docstring)
src/interface/laser_frame.py:106:4: C0103: Method name "eventClickHome" doesn't conform to snake_case naming style (invalid-name)
src/interface/laser_frame.py:109:15: W0703: Catching too general exception Exception (broad-except)
src/interface/laser_frame.py:109:8: C0103: Variable name "e" doesn't conform to snake_case naming style (invalid-name)
src/interface/laser_frame.py:113:4: C0116: Missing function or method docstring (missing-function-docstring)
src/interface/laser_frame.py:113:4: C0103: Method name "eventClickHelp" doesn't conform to snake_case naming style (invalid-name)
src/interface/laser_frame.py:117:8: W0612: Unused variable 'app_help' (unused-variable)
src/interface/laser_frame.py:121:4: C0116: Missing function or method docstring (missing-function-docstring)
src/interface/laser_frame.py:121:4: C0103: Method name "eventButtonClickEdit" doesn't conform to snake_case naming style (invalid-name)
src/interface/laser_frame.py:123:12: C0415: Import outside toplevel (interface.login_frame.LoginFrameAccuracy) (import-outside-toplevel)
src/interface/laser_frame.py:127:12: W0612: Unused variable 'app_edit' (unused-variable)
src/interface/laser_frame.py:133:4: C0116: Missing function or method docstring (missing-function-docstring)
src/interface/laser_frame.py:133:4: C0103: Method name "tranferString" doesn't conform to snake_case naming style (invalid-name)
src/interface/laser_frame.py:134:8: R1705: Unnecessary "elif" after "return", remove the leading "el" from "elif" (no-else-return)
src/interface/laser_frame.py:134:21: C0321: More than one statement on a single line (multiple-statements)
src/interface/laser_frame.py:135:23: C0321: More than one statement on a single line (multiple-statements)
src/interface/laser_frame.py:136:23: C0321: More than one statement on a single line (multiple-statements)
src/interface/laser_frame.py:133:4: R1710: Either all return statements in a function should return an expression, or none of them should. (inconsistent-return-statements)
src/interface/laser_frame.py:138:4: C0116: Missing function or method docstring (missing-function-docstring)
src/interface/laser_frame.py:138:4: C0103: Method name "initUI" doesn't conform to snake_case naming style (invalid-name)
src/interface/laser_frame.py:2:0: C0411: standard import "import threading" should be placed before "import meta.external_var" (wrong-import-order)
src/interface/laser_frame.py:3:0: C0411: third party import "import tksheet" should be placed before "import meta.external_var" (wrong-import-order)
src/interface/laser_frame.py:4:0: C0411: standard import "from tkinter import *" should be placed before "import tksheet" (wrong-import-order)
src/interface/laser_frame.py:5:0: C0411: standard import "from tkinter import Button, ttk, messagebox" should be placed before "import tksheet" (wrong-import-order)
src/interface/laser_frame.py:12:0: C0411: standard import "from functools import partial" should be placed before "import tksheet" (wrong-import-order)
src/interface/laser_frame.py:13:0: C0411: third party import "from PIL import Image, ImageTk" should be placed before "import meta.external_var" (wrong-import-order)
src/interface/laser_frame.py:16:0: C0411: standard import "import gc" should be placed before "import tksheet" (wrong-import-order)
src/interface/laser_frame.py:4:0: W0614: Unused import(s) enum, sys, types, TclError, re, wantobjects, TkVersion, TclVersion, READABLE, WRITABLE, EXCEPTION, EventType, Event, NoDefaultRoot, Variable, StringVar, IntVar, DoubleVar, BooleanVar, mainloop, getint, getdouble, getboolean, Misc, CallWrapper, XView, YView, Wm, Tcl, Pack, Place, Grid, BaseWidget, Widget, Canvas, Checkbutton, Entry, Listbox, Menu, Menubutton, Message, Radiobutton, Scale, Scrollbar, OptionMenu, PhotoImage, BitmapImage, image_names, image_types, Spinbox, LabelFrame, PanedWindow, NO, FALSE, OFF, YES, TRUE, ON, N, S, W, E, NW, SW, NE, SE, NS, EW, NSEW, CENTER, NONE, Y, RIGHT, BOTTOM, RAISED, SUNKEN, FLAT, RIDGE, GROOVE, SOLID, HORIZONTAL, VERTICAL, NUMERIC, CHAR, WORD, BASELINE, INSIDE, OUTSIDE, SEL, SEL_FIRST, SEL_LAST, END, INSERT, CURRENT, ANCHOR, ALL, NORMAL, DISABLED, ACTIVE, HIDDEN, CASCADE, CHECKBUTTON, COMMAND, RADIOBUTTON, SEPARATOR, SINGLE, BROWSE, MULTIPLE, EXTENDED, DOTBOX, UNDERLINE, PIESLICE, CHORD, ARC, FIRST, LAST, BUTT, PROJECTING, ROUND, BEVEL, MITER, MOVETO, SCROLL, UNITS and PAGES from wildcard import of tkinter (unused-wildcard-import)
************* Module interface.ui_func
src/interface/ui_func.py:20:0: C0304: Final newline missing (missing-final-newline)
src/interface/ui_func.py:1:0: C0114: Missing module docstring (missing-module-docstring)
src/interface/ui_func.py:5:0: C0116: Missing function or method docstring (missing-function-docstring)
src/interface/ui_func.py:13:0: C0116: Missing function or method docstring (missing-function-docstring)
src/interface/ui_func.py:13:0: C0103: Function name "stopAllProcesingToFile" doesn't conform to snake_case naming style (invalid-name)
src/interface/ui_func.py:18:0: C0116: Missing function or method docstring (missing-function-docstring)
src/interface/ui_func.py:18:0: C0103: Function name "collectGarbage" doesn't conform to snake_case naming style (invalid-name)
src/interface/ui_func.py:19:7: C0121: Comparison 'meta.external_var.root != None' should be 'meta.external_var.root is not None' (singleton-comparison)
************* Module interface.forgot_frame
src/interface/forgot_frame.py:12:0: C0303: Trailing whitespace (trailing-whitespace)
src/interface/forgot_frame.py:14:0: C0301: Line too long (116/100) (line-too-long)
src/interface/forgot_frame.py:29:0: C0303: Trailing whitespace (trailing-whitespace)
src/interface/forgot_frame.py:33:0: C0303: Trailing whitespace (trailing-whitespace)
src/interface/forgot_frame.py:36:0: C0303: Trailing whitespace (trailing-whitespace)
src/interface/forgot_frame.py:42:0: C0303: Trailing whitespace (trailing-whitespace)
src/interface/forgot_frame.py:45:0: C0303: Trailing whitespace (trailing-whitespace)
src/interface/forgot_frame.py:48:0: C0303: Trailing whitespace (trailing-whitespace)
src/interface/forgot_frame.py:51:0: C0303: Trailing whitespace (trailing-whitespace)
src/interface/forgot_frame.py:54:0: C0303: Trailing whitespace (trailing-whitespace)
src/interface/forgot_frame.py:57:0: C0303: Trailing whitespace (trailing-whitespace)
src/interface/forgot_frame.py:61:0: C0303: Trailing whitespace (trailing-whitespace)
src/interface/forgot_frame.py:64:0: C0303: Trailing whitespace (trailing-whitespace)
src/interface/forgot_frame.py:68:0: C0303: Trailing whitespace (trailing-whitespace)
src/interface/forgot_frame.py:69:0: C0301: Line too long (216/100) (line-too-long)
src/interface/forgot_frame.py:1:0: C0114: Missing module docstring (missing-module-docstring)
src/interface/forgot_frame.py:1:0: W0401: Wildcard import tkinter (wildcard-import)
src/interface/forgot_frame.py:7:0: C0115: Missing class docstring (missing-class-docstring)
src/interface/forgot_frame.py:7:0: R0902: Too many instance attributes (12/7) (too-many-instance-attributes)
src/interface/forgot_frame.py:13:4: C0116: Missing function or method docstring (missing-function-docstring)
src/interface/forgot_frame.py:13:4: C0103: Method name "eventClickChangePassword" doesn't conform to snake_case naming style (invalid-name)
src/interface/forgot_frame.py:18:12: C0103: Variable name "df" doesn't conform to snake_case naming style (invalid-name)
src/interface/forgot_frame.py:25:27: W0703: Catching too general exception Exception (broad-except)
src/interface/forgot_frame.py:25:20: C0103: Variable name "e" doesn't conform to snake_case naming style (invalid-name)
src/interface/forgot_frame.py:30:4: C0116: Missing function or method docstring (missing-function-docstring)
src/interface/forgot_frame.py:30:4: C0103: Method name "initUI" doesn't conform to snake_case naming style (invalid-name)
src/interface/forgot_frame.py:1:0: W0614: Unused import(s) enum, sys, types, TclError, re, wantobjects, TkVersion, TclVersion, READABLE, WRITABLE, EXCEPTION, EventType, Event, NoDefaultRoot, Variable, StringVar, IntVar, DoubleVar, BooleanVar, mainloop, getint, getdouble, getboolean, Misc, CallWrapper, XView, YView, Wm, Tk, Tcl, Pack, Place, Grid, BaseWidget, Widget, Toplevel, Canvas, Checkbutton, Listbox, Menu, Menubutton, Message, Radiobutton, Scale, Scrollbar, Text, OptionMenu, Image, PhotoImage, BitmapImage, image_names, image_types, Spinbox, LabelFrame, PanedWindow, NO, FALSE, OFF, YES, TRUE, ON, N, S, W, E, NW, SW, NE, SE, NS, EW, NSEW, CENTER, NONE, Y, RAISED, SUNKEN, FLAT, RIDGE, GROOVE, SOLID, HORIZONTAL, VERTICAL, NUMERIC, CHAR, WORD, BASELINE, INSIDE, OUTSIDE, SEL, SEL_FIRST, SEL_LAST, END, INSERT, CURRENT, ANCHOR, ALL, NORMAL, DISABLED, ACTIVE, HIDDEN, CASCADE, CHECKBUTTON, COMMAND, RADIOBUTTON, SEPARATOR, SINGLE, BROWSE, MULTIPLE, EXTENDED, DOTBOX, UNDERLINE, PIESLICE, CHORD, ARC, FIRST, LAST, BUTT, PROJECTING, ROUND, BEVEL, MITER, MOVETO, SCROLL, UNITS and PAGES from wildcard import of tkinter (unused-wildcard-import)
************* Module interface.loop_frame
src/interface/loop_frame.py:6:31: C0303: Trailing whitespace (trailing-whitespace)
src/interface/loop_frame.py:10:0: C0303: Trailing whitespace (trailing-whitespace)
src/interface/loop_frame.py:14:0: C0303: Trailing whitespace (trailing-whitespace)
src/interface/loop_frame.py:19:0: C0303: Trailing whitespace (trailing-whitespace)
src/interface/loop_frame.py:23:0: C0303: Trailing whitespace (trailing-whitespace)
src/interface/loop_frame.py:28:0: C0303: Trailing whitespace (trailing-whitespace)
src/interface/loop_frame.py:31:0: C0303: Trailing whitespace (trailing-whitespace)
src/interface/loop_frame.py:32:0: C0301: Line too long (104/100) (line-too-long)
src/interface/loop_frame.py:33:0: C0304: Final newline missing (missing-final-newline)
src/interface/loop_frame.py:1:0: C0114: Missing module docstring (missing-module-docstring)
src/interface/loop_frame.py:1:0: W0401: Wildcard import tkinter (wildcard-import)
src/interface/loop_frame.py:5:0: C0115: Missing class docstring (missing-class-docstring)
src/interface/loop_frame.py:11:4: C0116: Missing function or method docstring (missing-function-docstring)
src/interface/loop_frame.py:11:4: C0103: Method name "eventRunRootTemp" doesn't conform to snake_case naming style (invalid-name)
src/interface/loop_frame.py:15:4: C0116: Missing function or method docstring (missing-function-docstring)
src/interface/loop_frame.py:15:4: C0103: Method name "eventExitRootTemp" doesn't conform to snake_case naming style (invalid-name)
src/interface/loop_frame.py:18:8: W0104: Statement seems to have no effect (pointless-statement)
src/interface/loop_frame.py:20:4: C0116: Missing function or method docstring (missing-function-docstring)
src/interface/loop_frame.py:20:4: C0103: Method name "initUI" doesn't conform to snake_case naming style (invalid-name)
src/interface/loop_frame.py:29:8: C0103: Variable name "Button1" doesn't conform to snake_case naming style (invalid-name)
src/interface/loop_frame.py:32:8: C0103: Variable name "Button2" doesn't conform to snake_case naming style (invalid-name)
src/interface/loop_frame.py:1:0: W0614: Unused import(s) enum, sys, types, TclError, re, wantobjects, TkVersion, TclVersion, READABLE, WRITABLE, EXCEPTION, EventType, Event, NoDefaultRoot, Variable, StringVar, IntVar, DoubleVar, BooleanVar, mainloop, getint, getdouble, getboolean, Misc, CallWrapper, XView, YView, Wm, Tk, Tcl, Pack, Place, Grid, BaseWidget, Widget, Toplevel, Canvas, Checkbutton, Entry, Label, Listbox, Menu, Menubutton, Message, Radiobutton, Scale, Scrollbar, Text, OptionMenu, Image, PhotoImage, BitmapImage, image_names, image_types, Spinbox, LabelFrame, PanedWindow, NO, FALSE, OFF, YES, TRUE, ON, N, S, W, E, NW, SW, NE, SE, NS, EW, NSEW, CENTER, NONE, Y, LEFT, TOP, RAISED, SUNKEN, FLAT, RIDGE, GROOVE, SOLID, HORIZONTAL, VERTICAL, NUMERIC, CHAR, WORD, BASELINE, INSIDE, OUTSIDE, SEL, SEL_FIRST, SEL_LAST, END, INSERT, CURRENT, ANCHOR, ALL, NORMAL, DISABLED, ACTIVE, HIDDEN, CASCADE, CHECKBUTTON, COMMAND, RADIOBUTTON, SEPARATOR, SINGLE, BROWSE, MULTIPLE, EXTENDED, DOTBOX, UNDERLINE, PIESLICE, CHORD, ARC, FIRST, LAST, BUTT, PROJECTING, ROUND, BEVEL, MITER, MOVETO, SCROLL, UNITS and PAGES from wildcard import of tkinter (unused-wildcard-import)
************* Module interface.help_frame
src/interface/help_frame.py:3:29: C0303: Trailing whitespace (trailing-whitespace)
src/interface/help_frame.py:12:0: C0303: Trailing whitespace (trailing-whitespace)
src/interface/help_frame.py:20:0: C0303: Trailing whitespace (trailing-whitespace)
src/interface/help_frame.py:24:0: C0303: Trailing whitespace (trailing-whitespace)
src/interface/help_frame.py:25:0: C0301: Line too long (105/100) (line-too-long)
src/interface/help_frame.py:27:0: C0303: Trailing whitespace (trailing-whitespace)
src/interface/help_frame.py:30:0: C0303: Trailing whitespace (trailing-whitespace)
src/interface/help_frame.py:35:0: C0303: Trailing whitespace (trailing-whitespace)
src/interface/help_frame.py:39:0: C0303: Trailing whitespace (trailing-whitespace)
src/interface/help_frame.py:42:0: C0303: Trailing whitespace (trailing-whitespace)
src/interface/help_frame.py:43:0: C0301: Line too long (113/100) (line-too-long)
src/interface/help_frame.py:44:0: C0304: Final newline missing (missing-final-newline)
src/interface/help_frame.py:1:0: C0114: Missing module docstring (missing-module-docstring)
src/interface/help_frame.py:1:0: W0401: Wildcard import tkinter (wildcard-import)
src/interface/help_frame.py:7:0: C0115: Missing class docstring (missing-class-docstring)
src/interface/help_frame.py:13:4: C0116: Missing function or method docstring (missing-function-docstring)
src/interface/help_frame.py:13:4: C0103: Method name "eventClickButtonOK" doesn't conform to snake_case naming style (invalid-name)
src/interface/help_frame.py:18:15: W0703: Catching too general exception Exception (broad-except)
src/interface/help_frame.py:16:28: E1102: email is not callable (not-callable)
src/interface/help_frame.py:18:8: C0103: Variable name "e" doesn't conform to snake_case naming style (invalid-name)
src/interface/help_frame.py:21:4: C0116: Missing function or method docstring (missing-function-docstring)
src/interface/help_frame.py:21:4: C0103: Method name "initUI" doesn't conform to snake_case naming style (invalid-name)
src/interface/help_frame.py:5:0: C0411: standard import "import email" should be placed before "import meta.external_var" (wrong-import-order)
src/interface/help_frame.py:4:0: W0611: Unused import meta.external_var (unused-import)
src/interface/help_frame.py:1:0: W0614: Unused import(s) enum, sys, types, TclError, re, wantobjects, TkVersion, TclVersion, READABLE, WRITABLE, EXCEPTION, EventType, Event, NoDefaultRoot, Variable, StringVar, IntVar, DoubleVar, BooleanVar, mainloop, getint, getdouble, getboolean, Misc, CallWrapper, XView, YView, Wm, Tk, Tcl, Pack, Place, Grid, BaseWidget, Widget, Toplevel, Canvas, Checkbutton, Entry, Listbox, Menu, Menubutton, Message, Radiobutton, Scale, Scrollbar, OptionMenu, Image, PhotoImage, BitmapImage, image_names, image_types, Spinbox, LabelFrame, PanedWindow, NO, FALSE, OFF, YES, TRUE, ON, N, S, W, E, NW, SW, NE, SE, NS, EW, NSEW, CENTER, NONE, Y, TOP, BOTTOM, RAISED, SUNKEN, FLAT, RIDGE, GROOVE, SOLID, HORIZONTAL, VERTICAL, NUMERIC, CHAR, WORD, BASELINE, INSIDE, OUTSIDE, SEL, SEL_FIRST, SEL_LAST, END, INSERT, CURRENT, ANCHOR, ALL, NORMAL, DISABLED, ACTIVE, HIDDEN, CASCADE, CHECKBUTTON, COMMAND, RADIOBUTTON, SEPARATOR, SINGLE, BROWSE, MULTIPLE, EXTENDED, DOTBOX, UNDERLINE, PIESLICE, CHORD, ARC, FIRST, LAST, BUTT, PROJECTING, ROUND, BEVEL, MITER, MOVETO, SCROLL, UNITS and PAGES from wildcard import of tkinter (unused-wildcard-import)
************* Module interface.edit_frame
src/interface/edit_frame.py:13:0: C0303: Trailing whitespace (trailing-whitespace)
src/interface/edit_frame.py:22:0: C0303: Trailing whitespace (trailing-whitespace)
src/interface/edit_frame.py:28:0: C0303: Trailing whitespace (trailing-whitespace)
src/interface/edit_frame.py:32:0: C0303: Trailing whitespace (trailing-whitespace)
src/interface/edit_frame.py:33:0: C0301: Line too long (105/100) (line-too-long)
src/interface/edit_frame.py:35:0: C0303: Trailing whitespace (trailing-whitespace)
src/interface/edit_frame.py:41:0: C0303: Trailing whitespace (trailing-whitespace)
src/interface/edit_frame.py:43:0: C0301: Line too long (134/100) (line-too-long)
src/interface/edit_frame.py:45:0: C0303: Trailing whitespace (trailing-whitespace)
src/interface/edit_frame.py:49:0: C0303: Trailing whitespace (trailing-whitespace)
src/interface/edit_frame.py:58:0: C0303: Trailing whitespace (trailing-whitespace)
src/interface/edit_frame.py:62:0: C0303: Trailing whitespace (trailing-whitespace)
src/interface/edit_frame.py:68:0: C0303: Trailing whitespace (trailing-whitespace)
src/interface/edit_frame.py:72:0: C0303: Trailing whitespace (trailing-whitespace)
src/interface/edit_frame.py:74:0: C0301: Line too long (161/100) (line-too-long)
src/interface/edit_frame.py:1:0: C0114: Missing module docstring (missing-module-docstring)
src/interface/edit_frame.py:1:0: W0401: Wildcard import tkinter (wildcard-import)
src/interface/edit_frame.py:8:0: C0115: Missing class docstring (missing-class-docstring)
src/interface/edit_frame.py:8:0: R0902: Too many instance attributes (9/7) (too-many-instance-attributes)
src/interface/edit_frame.py:15:4: C0116: Missing function or method docstring (missing-function-docstring)
src/interface/edit_frame.py:15:4: C0103: Method name "eventButtonChangeVariableClick" doesn't conform to snake_case naming style (invalid-name)
src/interface/edit_frame.py:20:15: W0703: Catching too general exception Exception (broad-except)
src/interface/edit_frame.py:17:12: C0200: Consider using enumerate instead of iterating with range and len (consider-using-enumerate)
src/interface/edit_frame.py:20:8: C0103: Variable name "e" doesn't conform to snake_case naming style (invalid-name)
src/interface/edit_frame.py:24:4: C0116: Missing function or method docstring (missing-function-docstring)
src/interface/edit_frame.py:24:4: C0103: Method name "eventButtonChangeVariableClickThread" doesn't conform to snake_case naming style (invalid-name)
src/interface/edit_frame.py:25:8: C0103: Variable name "t1" doesn't conform to snake_case naming style (invalid-name)
src/interface/edit_frame.py:29:4: C0116: Missing function or method docstring (missing-function-docstring)
src/interface/edit_frame.py:29:4: C0103: Method name "initUI" doesn't conform to snake_case naming style (invalid-name)
src/interface/edit_frame.py:6:0: C0411: standard import "import threading" should be placed before "from interface.ui_func import stopAllProcesingToFile" (wrong-import-order)
src/interface/edit_frame.py:4:0: W0611: Unused stopAllProcesingToFile imported from interface.ui_func (unused-import)
src/interface/edit_frame.py:1:0: W0614: Unused import(s) enum, sys, types, TclError, re, wantobjects, TkVersion, TclVersion, READABLE, WRITABLE, EXCEPTION, EventType, Event, NoDefaultRoot, Variable, StringVar, IntVar, DoubleVar, BooleanVar, mainloop, getint, getdouble, getboolean, Misc, CallWrapper, XView, YView, Wm, Tk, Tcl, Pack, Place, Grid, BaseWidget, Widget, Toplevel, Canvas, Checkbutton, Listbox, Menu, Menubutton, Message, Radiobutton, Scale, Scrollbar, Text, OptionMenu, Image, PhotoImage, BitmapImage, image_names, image_types, Spinbox, LabelFrame, NO, FALSE, OFF, YES, TRUE, ON, N, S, W, E, NW, SW, NE, SE, NS, EW, NSEW, CENTER, NONE, Y, RAISED, SUNKEN, FLAT, RIDGE, GROOVE, SOLID, HORIZONTAL, VERTICAL, NUMERIC, CHAR, WORD, BASELINE, INSIDE, OUTSIDE, SEL, SEL_FIRST, SEL_LAST, END, INSERT, CURRENT, ANCHOR, ALL, NORMAL, DISABLED, ACTIVE, HIDDEN, CASCADE, CHECKBUTTON, COMMAND, RADIOBUTTON, SEPARATOR, SINGLE, BROWSE, MULTIPLE, EXTENDED, DOTBOX, UNDERLINE, PIESLICE, CHORD, ARC, FIRST, LAST, BUTT, PROJECTING, ROUND, BEVEL, MITER, MOVETO, SCROLL, UNITS and PAGES from wildcard import of tkinter (unused-wildcard-import)
************* Module meta.external_var
src/meta/external_var.py:15:0: C0305: Trailing newlines (trailing-newlines)
src/meta/external_var.py:1:0: C0114: Missing module docstring (missing-module-docstring)
src/meta/external_var.py:1:0: C0103: Constant name "state_in_root_temp" doesn't conform to UPPER_CASE naming style (invalid-name)
src/meta/external_var.py:2:0: C0103: Constant name "signal_loop" doesn't conform to UPPER_CASE naming style (invalid-name)
src/meta/external_var.py:4:0: C0103: Constant name "root" doesn't conform to UPPER_CASE naming style (invalid-name)
src/meta/external_var.py:5:0: C0103: Constant name "root_temp" doesn't conform to UPPER_CASE naming style (invalid-name)
src/meta/external_var.py:6:0: C0103: Constant name "bg" doesn't conform to UPPER_CASE naming style (invalid-name)
src/meta/external_var.py:7:0: C0103: Constant name "logo" doesn't conform to UPPER_CASE naming style (invalid-name)
src/meta/external_var.py:9:0: C0103: Constant name "username" doesn't conform to UPPER_CASE naming style (invalid-name)
src/meta/external_var.py:10:0: C0103: Constant name "password" doesn't conform to UPPER_CASE naming style (invalid-name)
src/meta/external_var.py:11:0: C0103: Constant name "email" doesn't conform to UPPER_CASE naming style (invalid-name)
src/meta/external_var.py:12:0: C0103: Constant name "roll" doesn't conform to UPPER_CASE naming style (invalid-name)
src/meta/external_var.py:14:0: C0103: Constant name "login_status" doesn't conform to UPPER_CASE naming style (invalid-name)
************* Module backend.const
src/backend/const.py:14:0: C0303: Trailing whitespace (trailing-whitespace)
src/backend/const.py:1:0: C0114: Missing module docstring (missing-module-docstring)
src/backend/const.py:3:0: C0116: Missing function or method docstring (missing-function-docstring)
src/backend/const.py:3:0: C0103: Function name "jsonConst" doesn't conform to snake_case naming style (invalid-name)
src/backend/const.py:4:9: W1514: Using open without explicitly specifying an encoding (unspecified-encoding)
src/backend/const.py:8:0: C0116: Missing function or method docstring (missing-function-docstring)
src/backend/const.py:8:0: C0103: Function name "jsonChange" doesn't conform to snake_case naming style (invalid-name)
src/backend/const.py:9:9: W1514: Using open without explicitly specifying an encoding (unspecified-encoding)
************* Module backend.function.user_authen
src/backend/function/user_authen.py:9:0: C0301: Line too long (110/100) (line-too-long)
src/backend/function/user_authen.py:21:8: C0303: Trailing whitespace (trailing-whitespace)
src/backend/function/user_authen.py:23:0: C0301: Line too long (114/100) (line-too-long)
src/backend/function/user_authen.py:43:0: C0301: Line too long (110/100) (line-too-long)
src/backend/function/user_authen.py:49:0: C0301: Line too long (116/100) (line-too-long)
src/backend/function/user_authen.py:1:0: C0114: Missing module docstring (missing-module-docstring)
src/backend/function/user_authen.py:8:0: C0116: Missing function or method docstring (missing-function-docstring)
src/backend/function/user_authen.py:8:0: C0103: Function name "dataframeUSER" doesn't conform to snake_case naming style (invalid-name)
src/backend/function/user_authen.py:9:11: I1101: Module 'pymssql' has no 'connect' member, but source is unavailable. Consider adding this module to extension-pkg-allow-list if you want to perform analysis based on run-time introspection of living objects. (c-extension-no-member)
src/backend/function/user_authen.py:16:4: C0103: Variable name "df" doesn't conform to snake_case naming style (invalid-name)
src/backend/function/user_authen.py:20:0: C0116: Missing function or method docstring (missing-function-docstring)
src/backend/function/user_authen.py:20:0: C0103: Function name "authenticantionUser" doesn't conform to snake_case naming style (invalid-name)
src/backend/function/user_authen.py:39:11: W0703: Catching too general exception Exception (broad-except)
src/backend/function/user_authen.py:23:15: I1101: Module 'pymssql' has no 'connect' member, but source is unavailable. Consider adding this module to extension-pkg-allow-list if you want to perform analysis based on run-time introspection of living objects. (c-extension-no-member)
src/backend/function/user_authen.py:30:8: C0103: Variable name "df" doesn't conform to snake_case naming style (invalid-name)
src/backend/function/user_authen.py:39:4: C0103: Variable name "e" doesn't conform to snake_case naming style (invalid-name)
src/backend/function/user_authen.py:20:0: R1710: Either all return statements in a function should return an expression, or none of them should. (inconsistent-return-statements)
src/backend/function/user_authen.py:42:0: C0116: Missing function or method docstring (missing-function-docstring)
src/backend/function/user_authen.py:42:0: C0103: Function name "changePass" doesn't conform to snake_case naming style (invalid-name)
src/backend/function/user_authen.py:43:11: I1101: Module 'pymssql' has no 'connect' member, but source is unavailable. Consider adding this module to extension-pkg-allow-list if you want to perform analysis based on run-time introspection of living objects. (c-extension-no-member)
src/backend/function/user_authen.py:5:0: C0411: standard import "from tkinter import messagebox" should be placed before "import pymssql" (wrong-import-order)
************* Module backend.function.database
src/backend/function/database.py:13:20: C0303: Trailing whitespace (trailing-whitespace)
src/backend/function/database.py:15:9: C0303: Trailing whitespace (trailing-whitespace)
src/backend/function/database.py:18:0: C0303: Trailing whitespace (trailing-whitespace)
src/backend/function/database.py:67:0: C0301: Line too long (203/100) (line-too-long)
src/backend/function/database.py:77:0: C0301: Line too long (204/100) (line-too-long)
src/backend/function/database.py:87:0: C0301: Line too long (204/100) (line-too-long)
src/backend/function/database.py:96:0: C0304: Final newline missing (missing-final-newline)
src/backend/function/database.py:1:0: C0114: Missing module docstring (missing-module-docstring)
src/backend/function/database.py:3:0: R0402: Use 'from backend.function import xml' instead (consider-using-from-import)
src/backend/function/database.py:7:0: C0116: Missing function or method docstring (missing-function-docstring)
src/backend/function/database.py:7:0: C0103: Function name "cursorFromDatabase" doesn't conform to snake_case naming style (invalid-name)
src/backend/function/database.py:8:11: I1101: Module 'pymssql' has no 'connect' member, but source is unavailable. Consider adding this module to extension-pkg-allow-list if you want to perform analysis based on run-time introspection of living objects. (c-extension-no-member)
src/backend/function/database.py:13:4: R1705: Unnecessary "else" after "return", remove the "else" and de-indent the code inside it (no-else-return)
src/backend/function/database.py:13:7: C0121: Comparison 'cnxn != None' should be 'cnxn is not None' (singleton-comparison)
src/backend/function/database.py:21:0: C0116: Missing function or method docstring (missing-function-docstring)
src/backend/function/database.py:21:0: C0103: Function name "controlPlanGet" doesn't conform to snake_case naming style (invalid-name)
src/backend/function/database.py:21:19: W0622: Redefining built-in 'type' (redefined-builtin)
src/backend/function/database.py:26:4: C0103: Variable name "df" doesn't conform to snake_case naming style (invalid-name)
src/backend/function/database.py:31:0: C0116: Missing function or method docstring (missing-function-docstring)
src/backend/function/database.py:39:8: W0702: No exception type(s) specified (bare-except)
src/backend/function/database.py:35:12: C0103: Variable name "df" doesn't conform to snake_case naming style (invalid-name)
src/backend/function/database.py:43:0: C0116: Missing function or method docstring (missing-function-docstring)
src/backend/function/database.py:43:0: C0103: Function name "processingConsistOfType" doesn't conform to snake_case naming style (invalid-name)
src/backend/function/database.py:43:28: W0622: Redefining built-in 'type' (redefined-builtin)
src/backend/function/database.py:44:4: C0103: Variable name "df" doesn't conform to snake_case naming style (invalid-name)
src/backend/function/database.py:51:0: C0116: Missing function or method docstring (missing-function-docstring)
src/backend/function/database.py:51:0: C0103: Function name "processingUnpush" doesn't conform to snake_case naming style (invalid-name)
src/backend/function/database.py:51:21: W0622: Redefining built-in 'type' (redefined-builtin)
src/backend/function/database.py:52:4: C0103: Variable name "df" doesn't conform to snake_case naming style (invalid-name)
src/backend/function/database.py:57:0: C0116: Missing function or method docstring (missing-function-docstring)
src/backend/function/database.py:57:0: C0103: Function name "pushDatabaseActual" doesn't conform to snake_case naming style (invalid-name)
src/backend/function/database.py:57:23: C0103: Argument name "df" doesn't conform to snake_case naming style (invalid-name)
src/backend/function/database.py:57:26: W0622: Redefining built-in 'type' (redefined-builtin)
src/backend/function/database.py:58:11: I1101: Module 'pymssql' has no 'connect' member, but source is unavailable. Consider adding this module to extension-pkg-allow-list if you want to perform analysis based on run-time introspection of living objects. (c-extension-no-member)
src/backend/function/database.py:5:0: C0411: standard import "from tkinter import messagebox" should be placed before "import pymssql" (wrong-import-order)
************* Module backend.function.xml
src/backend/function/xml.py:15:0: C0303: Trailing whitespace (trailing-whitespace)
src/backend/function/xml.py:23:0: C0303: Trailing whitespace (trailing-whitespace)
src/backend/function/xml.py:36:0: C0301: Line too long (101/100) (line-too-long)
src/backend/function/xml.py:39:0: C0301: Line too long (101/100) (line-too-long)
src/backend/function/xml.py:49:0: C0301: Line too long (101/100) (line-too-long)
src/backend/function/xml.py:52:0: C0301: Line too long (101/100) (line-too-long)
src/backend/function/xml.py:53:0: C0303: Trailing whitespace (trailing-whitespace)
src/backend/function/xml.py:56:0: C0301: Line too long (132/100) (line-too-long)
src/backend/function/xml.py:57:0: C0304: Final newline missing (missing-final-newline)
src/backend/function/xml.py:1:0: C0114: Missing module docstring (missing-module-docstring)
src/backend/function/xml.py:1:0: W4901: Deprecated module 'xml.etree.cElementTree' (deprecated-module)
src/backend/function/xml.py:10:0: C0115: Missing class docstring (missing-class-docstring)
src/backend/function/xml.py:10:0: C0103: Class name "xmlParam" doesn't conform to PascalCase naming style (invalid-name)
src/backend/function/xml.py:16:4: C0116: Missing function or method docstring (missing-function-docstring)
src/backend/function/xml.py:12:8: W0238: Unused private member `xmlParam.__guid` (unused-private-member)
src/backend/function/xml.py:13:8: W0238: Unused private member `xmlParam.__name` (unused-private-member)
src/backend/function/xml.py:10:0: R0903: Too few public methods (1/2) (too-few-public-methods)
src/backend/function/xml.py:19:0: C0115: Missing class docstring (missing-class-docstring)
src/backend/function/xml.py:24:4: C0116: Missing function or method docstring (missing-function-docstring)
src/backend/function/xml.py:25:15: E1101: Instance of 'ToolValue' has no 'value' member (no-member)
src/backend/function/xml.py:21:8: W0238: Unused private member `ToolValue.__item` (unused-private-member)
src/backend/function/xml.py:22:8: W0238: Unused private member `ToolValue.__value` (unused-private-member)
src/backend/function/xml.py:19:0: R0903: Too few public methods (1/2) (too-few-public-methods)
src/backend/function/xml.py:28:0: C0116: Missing function or method docstring (missing-function-docstring)
src/backend/function/xml.py:28:0: C0103: Function name "parseParaXML" doesn't conform to snake_case naming style (invalid-name)
src/backend/function/xml.py:31:4: C0103: Variable name "List" doesn't conform to snake_case naming style (invalid-name)
src/backend/function/xml.py:41:0: C0116: Missing function or method docstring (missing-function-docstring)
src/backend/function/xml.py:41:0: C0103: Function name "parseParaXMLDB" doesn't conform to snake_case naming style (invalid-name)
src/backend/function/xml.py:41:30: C0103: Argument name "df" doesn't conform to snake_case naming style (invalid-name)
src/backend/function/xml.py:44:4: C0103: Variable name "List" doesn't conform to snake_case naming style (invalid-name)
src/backend/function/xml.py:54:0: C0116: Missing function or method docstring (missing-function-docstring)
src/backend/function/xml.py:56:11: E1101: Module 'backend.function.compare' has no 'compare' member (no-member)
************* Module backend.function.compare
src/backend/function/compare.py:23:72: C0303: Trailing whitespace (trailing-whitespace)
src/backend/function/compare.py:48:66: C0303: Trailing whitespace (trailing-whitespace)
src/backend/function/compare.py:54:0: C0304: Final newline missing (missing-final-newline)
src/backend/function/compare.py:1:0: C0114: Missing module docstring (missing-module-docstring)
src/backend/function/compare.py:3:0: C0116: Missing function or method docstring (missing-function-docstring)
src/backend/function/compare.py:3:0: C0103: Function name "compareParameter" doesn't conform to snake_case naming style (invalid-name)
src/backend/function/compare.py:5:7: R0916: Too many boolean expressions in if statement (7/5) (too-many-boolean-expressions)
src/backend/function/compare.py:5:4: R1705: Unnecessary "elif" after "return", remove the leading "el" from "elif" (no-else-return)
src/backend/function/compare.py:10:9: R0916: Too many boolean expressions in if statement (26/5) (too-many-boolean-expressions)
src/backend/function/compare.py:22:12: C0121: Comparison 'str(value_actual.value) == None' should be 'str(value_actual.value) is None' (singleton-comparison)
src/backend/function/compare.py:25:32: C0321: More than one statement on a single line (multiple-statements)
src/backend/function/compare.py:28:0: C0116: Missing function or method docstring (missing-function-docstring)
src/backend/function/compare.py:28:0: C0103: Function name "compareString" doesn't conform to snake_case naming style (invalid-name)
src/backend/function/compare.py:30:7: R0916: Too many boolean expressions in if statement (7/5) (too-many-boolean-expressions)
src/backend/function/compare.py:30:4: R1705: Unnecessary "elif" after "return", remove the leading "el" from "elif" (no-else-return)
src/backend/function/compare.py:35:9: R0916: Too many boolean expressions in if statement (26/5) (too-many-boolean-expressions)
src/backend/function/compare.py:47:12: C0121: Comparison 'str(value_actual) == None' should be 'str(value_actual) is None' (singleton-comparison)
src/backend/function/compare.py:50:45: C0321: More than one statement on a single line (multiple-statements)
src/backend/function/compare.py:51:52: C0321: More than one statement on a single line (multiple-statements)
src/backend/function/compare.py:52:26: C0321: More than one statement on a single line (multiple-statements)
src/backend/function/compare.py:53:30: C0321: More than one statement on a single line (multiple-statements)
src/backend/function/compare.py:28:0: R0911: Too many return statements (7/6) (too-many-return-statements)
src/backend/function/compare.py:1:0: R0801: Similar lines in 2 files
==interface.ui_func:[6:13]
==main:[14:21]
        return_value = None
        for function in functions:
            return_value = function(*args, **kwargs)
        return return_value
    return func

def stopAllProcesingToFile(file_path): (duplicate-code)
src/backend/function/compare.py:1:0: R0401: Cyclic import (interface.laser_frame -> interface.login_frame) (cyclic-import)